#
# There is insufficient memory for the Java Runtime Environment to continue.
# Native memory allocation (malloc) failed to allocate 1048576 bytes for AllocateHeap
# Possible reasons:
#   The system is out of physical RAM or swap space
#   The process is running with CompressedOops enabled, and the Java Heap may be blocking the growth of the native heap
# Possible solutions:
#   Reduce memory load on the system
#   Increase physical memory or swap space
#   Check if swap backing store is full
#   Decrease Java heap size (-Xmx/-Xms)
#   Decrease number of Java threads
#   Decrease Java thread stack sizes (-Xss)
#   Set larger code cache with -XX:ReservedCodeCacheSize=
#   JVM is running with Unscaled Compressed Oops mode in which the Java heap is
#     placed in the first 4GB address space. The Java Heap base address is the
#     maximum limit for the native heap growth. Please use -XX:HeapBaseMinAddress
#     to set the Java Heap base and to place the Java Heap above 4GB virtual address.
# This output file may be truncated or incomplete.
#
#  Out of Memory Error (memory/allocation.inline.hpp:61), pid=22248, tid=0x0000000000001dac
#
# JRE version:  (8.0_431) (build )
# Java VM: Java HotSpot(TM) 64-Bit Server VM (25.431-b10 mixed mode windows-amd64 compressed oops)
# Failed to write core dump. Minidumps are not enabled by default on client versions of Windows
#

---------------  T H R E A D  ---------------

Current thread (0x0000016a1ed3b000):  JavaThread "Unknown thread" [_thread_in_vm, id=7596, stack(0x0000002719300000,0x0000002719400000)]

Stack: [0x0000002719300000,0x0000002719400000]
Native frames: (J=compiled Java code, j=interpreted, Vv=VM code, C=native code)
V  [jvm.dll+0x34ba89]
V  [jvm.dll+0x288e12]
V  [jvm.dll+0x2899e0]
V  [jvm.dll+0x27dc65]
V  [jvm.dll+0x4fad]
V  [jvm.dll+0x3e8a92]
V  [jvm.dll+0x3e9967]
V  [jvm.dll+0x3e5517]
V  [jvm.dll+0x104d9f]
V  [jvm.dll+0x2181cb]
V  [jvm.dll+0x24903a]
V  [jvm.dll+0x16c266]
C  [javaw.exe+0x2422]
C  [javaw.exe+0x19a22]
C  [KERNEL32.DLL+0x2e8d7]
C  [ntdll.dll+0x8c53c]


---------------  P R O C E S S  ---------------

Java Threads: ( => current thread )

Other Threads:

=>0x0000016a1ed3b000 (exited) JavaThread "Unknown thread" [_thread_in_vm, id=7596, stack(0x0000002719300000,0x0000002719400000)]

VM state:not at safepoint (normal execution)

VM Mutex/Monitor currently owned by a thread: None

heap address: 0x00000000ff000000, size: 16 MB, Compressed Oops mode: 32-bit
Narrow klass base: 0x0000000000000000, Narrow klass shift: 3
Compressed class space size: 1073741824 Address: 0x0000000100000000

Heap:
 PSYoungGen      total 4608K, used 81K [0x00000000ffb00000, 0x0000000100000000, 0x0000000100000000)
  eden space 4096K, 2% used [0x00000000ffb00000,0x00000000ffb147b8,0x00000000fff00000)
  from space 512K, 0% used [0x00000000fff80000,0x00000000fff80000,0x0000000100000000)
  to   space 512K, 0% used [0x00000000fff00000,0x00000000fff00000,0x00000000fff80000)
 ParOldGen       total 11264K, used 0K [0x00000000ff000000, 0x00000000ffb00000, 0x00000000ffb00000)
  object space 11264K, 0% used [0x00000000ff000000,0x00000000ff000000,0x00000000ffb00000)
 Metaspace       used 751K, capacity 4480K, committed 4480K, reserved 1056768K
  class space    used 76K, capacity 384K, committed 384K, reserved 1048576K

Card table byte_map: [0x0000016a1f090000,0x0000016a1f0a0000] byte_map_base: 0x0000016a1e898000

Marking Bits: (ParMarkBitMap*) 0x00007ff92c960200
 Begin Bits: [0x0000016a1f0b0000, 0x0000016a1f0f0000)
 End Bits:   [0x0000016a1f0f0000, 0x0000016a1f130000)

Polling page: 0x0000016a1f050000

CodeCache: size=245760Kb used=329Kb max_used=329Kb free=245430Kb
 bounds [0x0000016a20950000, 0x0000016a20bc0000, 0x0000016a2f950000]
 total_blobs=58 nmethods=0 adapters=38
 compilation: enabled

Compilation events (0 events):
No events

GC Heap History (0 events):
No events

Deoptimization events (0 events):
No events

Classes redefined (0 events):
No events

Internal exceptions (0 events):
No events

Events (10 events):
Event: 0.043 loading class java/lang/Short
Event: 0.043 loading class java/lang/Short done
Event: 0.043 loading class java/lang/Integer
Event: 0.043 loading class java/lang/Integer done
Event: 0.043 loading class java/lang/Long
Event: 0.043 loading class java/lang/Long done
Event: 0.043 loading class java/lang/NullPointerException
Event: 0.043 loading class java/lang/NullPointerException done
Event: 0.043 loading class java/lang/ArithmeticException
Event: 0.043 loading class java/lang/ArithmeticException done


Dynamic libraries:
0x00007ff6d67d0000 - 0x00007ff6d681f000 	C:\Program Files\Java\jre1.8.0_431\bin\javaw.exe
0x00007ff9dd120000 - 0x00007ff9dd388000 	C:\WINDOWS\SYSTEM32\ntdll.dll
0x00007ff9db570000 - 0x00007ff9db639000 	C:\WINDOWS\System32\KERNEL32.DLL
0x00007ff9da620000 - 0x00007ff9daa18000 	C:\WINDOWS\System32\KERNELBASE.dll
0x00007ff9dc620000 - 0x00007ff9dc6d4000 	C:\WINDOWS\System32\ADVAPI32.dll
0x00007ff9dba90000 - 0x00007ff9dbb39000 	C:\WINDOWS\System32\msvcrt.dll
0x00007ff9daec0000 - 0x00007ff9daf66000 	C:\WINDOWS\System32\sechost.dll
0x00007ff9db910000 - 0x00007ff9dba28000 	C:\WINDOWS\System32\RPCRT4.dll
0x00007ff9dbce0000 - 0x00007ff9dbea7000 	C:\WINDOWS\System32\USER32.dll
0x00007ff9da3c0000 - 0x00007ff9da3e7000 	C:\WINDOWS\System32\win32u.dll
0x00007ff9dd0a0000 - 0x00007ff9dd0cb000 	C:\WINDOWS\System32\GDI32.dll
0x00007ff9daad0000 - 0x00007ff9dabfc000 	C:\WINDOWS\System32\gdi32full.dll
0x00007ff9da3f0000 - 0x00007ff9da493000 	C:\WINDOWS\System32\msvcp_win.dll
0x00007ff9dac00000 - 0x00007ff9dad4b000 	C:\WINDOWS\System32\ucrtbase.dll
0x00007ff9c1b60000 - 0x00007ff9c1df4000 	C:\WINDOWS\WinSxS\amd64_microsoft.windows.common-controls_6595b64144ccf1df_6.0.26100.7019_none_3e06ffa0e335b8a8\COMCTL32.dll
0x00007ff9dbb40000 - 0x00007ff9dbb71000 	C:\WINDOWS\System32\IMM32.DLL
0x00007ff9c3380000 - 0x00007ff9c339b000 	C:\Program Files\Java\jre1.8.0_431\bin\vcruntime140.dll
0x00007ff9c3300000 - 0x00007ff9c330c000 	C:\Program Files\Java\jre1.8.0_431\bin\vcruntime140_1.dll
0x00007ff9b0670000 - 0x00007ff9b06fe000 	C:\Program Files\Java\jre1.8.0_431\bin\msvcp140.dll
0x00007ff92c130000 - 0x00007ff92c9da000 	C:\Program Files\Java\jre1.8.0_431\bin\server\jvm.dll
0x00007ff9db300000 - 0x00007ff9db308000 	C:\WINDOWS\System32\PSAPI.DLL
0x00007ff9d0de0000 - 0x00007ff9d0e15000 	C:\WINDOWS\SYSTEM32\WINMM.dll
0x00007ff9c2ad0000 - 0x00007ff9c2adb000 	C:\WINDOWS\SYSTEM32\VERSION.dll
0x00007ff9c32f0000 - 0x00007ff9c32fa000 	C:\WINDOWS\SYSTEM32\WSOCK32.dll
0x00007ff9dbb80000 - 0x00007ff9dbbf4000 	C:\WINDOWS\System32\WS2_32.dll
0x00007ff9d9030000 - 0x00007ff9d904b000 	C:\WINDOWS\SYSTEM32\kernel.appcore.dll
0x00007ff9c32e0000 - 0x00007ff9c32f0000 	C:\Program Files\Java\jre1.8.0_431\bin\verify.dll
0x00007ff9b0640000 - 0x00007ff9b066b000 	C:\Program Files\Java\jre1.8.0_431\bin\java.dll
0x00007ff9b0620000 - 0x00007ff9b0638000 	C:\Program Files\Java\jre1.8.0_431\bin\zip.dll
0x00007ff9d78c0000 - 0x00007ff9d7b02000 	C:\WINDOWS\SYSTEM32\dbghelp.dll
0x00007ff9daf70000 - 0x00007ff9db2fb000 	C:\WINDOWS\System32\combase.dll
0x00007ff9dbc00000 - 0x00007ff9dbcd7000 	C:\WINDOWS\System32\OLEAUT32.dll
0x00007ff9daa20000 - 0x00007ff9daac5000 	C:\WINDOWS\System32\bcryptPrimitives.dll

VM Arguments:
jvm_args: -Xmx16m 
java_command: org.eclipse.jdt.internal.launching.support.LibraryDetector
java_class_path (initial): C:\Users\salsabilaara\AppData\Roaming\Antigravity\User\globalStorage\redhat.java\1.50.0\config_ss_win\org.eclipse.osgi\39\0\.cp\lib\launchingsupport.jar
Launcher Type: SUN_STANDARD

Environment Variables:
JAVA_HOME=C:\Program Files\Eclipse Adoptium\jdk-21.0.8.9-hotspot\
PATH=C:\Program Files\Google\Chrome\Application;C:\Program Files\Eclipse Adoptium\jdk-21.0.8.9-hotspot\bin;C:\Program Files (x86)\Common Files\Oracle\Java\java8path;C:\Program Files (x86)\Common Files\Oracle\Java\javapath;C:\WINDOWS\system32;C:\WINDOWS;C:\WINDOWS\System32\Wbem;C:\WINDOWS\System32\WindowsPowerShell\v1.0\;C:\WINDOWS\System32\OpenSSH\;C:\Program Files\Go\bin;C:\Program Files\Git\cmd;C:\php-8.4.3;C:\ProgramData\ComposerSetup\bin;C:\Users\salsabilaara\AppData\Local\nvm;C:\nvm4w\nodejs;C:\Program Files\dotnet\;C:\Users\salsabilaara\AppData\Local\Programs\Python\Python313\Scripts\;C:\Users\salsabilaara\AppData\Local\Programs\Python\Python313\;C:\Users\salsabilaara\AppData\Local\Microsoft\WindowsApps;C:\Users\salsabilaara\AppData\Local\Programs\Microsoft VS Code\bin;C:\Users\salsabilaara\go\bin;C:\Users\salsabilaara\AppData\Roaming\Composer\vendor\bin;C:\Users\salsabilaara\AppData\Roaming\npm;C:\Users\salsabilaara\AppData\Local\nvm;C:\nvm4w\nodejs;
USERNAME=salsabilaara
OS=Windows_NT
PROCESSOR_IDENTIFIER=Intel64 Family 6 Model 154 Stepping 4, GenuineIntel



---------------  S Y S T E M  ---------------

OS: Windows 11 , 64 bit Build 26100 (10.0.26100.7019)

CPU:total 12 (initial active 12) (6 cores per cpu, 2 threads per core) family 6 model 154 stepping 4, cmov, cx8, fxsr, mmx, sse, sse2, sse3, ssse3, sse4.1, sse4.2, popcnt, avx, avx2, aes, clmul, erms, 3dnowpref, lzcnt, ht, tsc, tscinvbit, bmi1, bmi2, adx

Memory: 4k page, physical 16474040k(5553256k free), swap 16474040k(118076k free)

vm_info: Java HotSpot(TM) 64-Bit Server VM (25.431-b10) for windows-amd64 JRE (1.8.0_431-b10), built on Sep 30 2024 08:11:54 by "java_re" with MS VC++ 17.6 (VS2022)

time: Sun Dec 14 21:37:17 2025
timezone: SE Asia Standard Time
elapsed time: 2.074836 seconds (0d 0h 0m 2s)

